搭建git服务器，

创建一个目录 /home/git/project.git

git --bare init    --bare表示裸露的意思，即不创建工作区，作为共享版本区，上传的文件无法看到
小结
要克隆一个仓库，首先必须知道仓库的地址，然后使用git clone命令克隆。
Git支持多种协议，包括https，但通过ssh支持的原生git协议速度最快。
在版本回退里，你已经知道，每次提交，Git都把它们串成一条时间线，这条时间线就是一个分支。截止到目前，只有一条时间线，在Git里，这个分支叫主分支，即master分支。HEAD严格来说不是指向提交，而是指向master，master才是指向提交的，所以，HEAD指向的就是当前分支。

useradd  git -s /usr/bin/git-shell ; passwd git 


 使用git在本地创建一个项目的过程

    $ makdir ~/hello-world    //创建一个项目hello-world
    $ cd ~/hello-world       //打开这个项目
    $ git init             //初始化
    $ touch README
    $ git add README        //更新README文件
    $ git commit -m 'first commit'     //提交更新，并注释信息“first commit”
    $ git remote add origin git@github.com:defnngj/hello-world.git     //连接远程github项目，远端要有hello-world这个项目 
    $ git push -u origin master     //将本地项目更新到github项目上去
~~~~~~~~~~~~~~~~~~~~~~~~~~~~~~~~~~~~~~~~~~~~~~~~~~~~~~~~~~~~~~~~~~~~~~~~~~~~~~~~~~~~~~~~~~~~~~~~~~~~~~~~~~~~~~~~~~~~~~~~~~~~~~~~

1、克隆

执行如下命令以创建一个本地仓库的克隆版本：

git clone /path/to/repository 

如果是远端服务器上的仓库，命令会是这个样子：

git clone username@host:/path/to/repository
提出更改（把它们添加到暂存区），使用如下命令：
git add <filename>
git add *
这是 git 基本工作流程的第一步；使用如下命令以实际提交改动：
git commit -m "代码提交信息"

2、推送改动
执行如下命令以将这些改动提交到远端仓库：
git push origin master
可以把 master 换成你想要推送的任何分支。
如果你还没有克隆现有仓库，并欲将你的仓库连接到某个远程服务器，你可以使用如下命令添加：
git remote add origin <server>
如此你就能够将你的改动推送到所添加的服务器上去了。

*如果想把本地的某个分支test提交到远程仓库，并作为远程仓库的master分支，或者作为另外一个名叫test的分支，如下： 
$git push origin test:master ? ? ? ? // 提交本地test分支作为远程的master分支 
$git push origin test:test ? ? ? ? ? ? ?// 提交本地test分支作为远程的test分支 

3、分支
查看本地分支：$ git branch 
查看远程分支：$ git branch -r 
创建本地分支：$ git branch [name] ----注意新分支创建后不会自动切换为当前分支 
切换分支：$ git checkout [name] 
创建新分支并立即切换到新分支：$ git checkout -b [name] 
删除分支：$ git branch -d [name] ---- -d选项只能删除已经参与了合并的分支，对于未有合并的分支是无法删除的。如果想强制删除一个分支，可以使用-D选项 
合并分支：$ git merge [name] ----将名称为[name]的分支与当前分支合并 
创建远程分支(本地分支push到远程)：$ git push origin [name] 
删除远程分支：$ git push origin :heads/[name] 或 $ gitpush origin :[name]? 

*创建空的分支：(执行命令之前记得先提交你当前分支的修改，否则会被强制删干净没得后悔) 
$git symbolic-ref HEAD refs/heads/[name] 
$rm .git/index 
$git clean -fdx 

4、更新与合并

要更新你的本地仓库至最新改动，执行：
git pull
以在你的工作目录中 获取（fetch） 并 合并（merge） 远端的改动。
要合并其他分支到你的当前分支（例如 master），执行：
git merge <branch>
在这两种情况下，git 都会尝试去自动合并改动。遗憾的是，这可能并非每次都成功，并可能出现冲突（conflicts）。 这时候就需要你修改这些文件来手动合并这些冲突（conflicts）。改完之后，你需要执行如下命令以将它们标记为合并成功：
git add <filename>
在合并改动之前，你可以使用如下命令预览差异：
git diff <source_branch> <target_branch>


5、标签

查看版本：$ git tag 
创建版本：$ git tag [name] 
删除版本：$ git tag -d [name] 
查看远程版本：$ git tag -r 
创建远程版本(本地版本push到远程)：$ git push origin [name] 
删除远程版本：$ git push origin :refs/tags/[name] 
合并远程仓库的tag到本地：$ git pull origin --tags 
上传本地tag到远程仓库：$ git push origin --tags 
创建带注释的tag：$ git tag -a [name] -m 'yourMessage' 




假如你操作失误（当然，这最好永远不要发生），你可以使用如下命令替换掉本地改动：
git checkout -- <filename>
此命令会使用 HEAD 中的最新内容替换掉你的工作目录中的文件。已添加到暂存区的改动以及新文件都不会受到影响。

假如你想丢弃你在本地的所有改动与提交，可以到服务器上获取最新的版本历史，并将你本地主分支指向它：
git fetch origin
git reset --hard origin/master


~~~~~~~~~~~~~~~~~~~~~~~~~~~~~~~~~~~~~~~~~~~~~~~~~~~~~~~~~~~~~~~~~~~~~~~~~~~~~~~~~~~~~~~~~~~~~~~~~~~~~~~~~~~~~~~~~~~~~~~~~~~~~~~~~

特别注意：通过标签回退版本后，要马上拉一个分支，然后当前主干分支要立即回到原来的位置，否则正在开发的代码可能白干了，接着在刚拉的分支上修改bug，修改完毕合并到主干上
修改最后一次commit的记录：很多时候先要回滚仅仅是因为自己对最后一次的commit的漏掉（注意，这里说的漏掉不仅仅是你少提交了文件的修改，也包括你多提交了一下你不想要提交的东西）了一些东西，想要回滚这次commit之后再重新commit。如果是这样的话，没有必要真的非要先回滚再重新commit。只要在在自己已经满意了自己所有的修改之后，直接执行git commit --amend，就可以开启上次提交的“补救”提交模式，然后把你对上次所有漏掉的东西加上去就好了。
Git会告诉你，git checkout -- file可以丢弃工作区的修改
Git同样告诉我们，用命令git reset HEAD file可以把暂存区的修改撤销掉（unstage），重新放回工作区：


场景1：当你改乱了工作区某个文件的内容，想直接丢弃工作区的修改时，用命令git checkout -- file。

场景2：当你不但改乱了工作区某个文件的内容，还添加到了暂存区时，想丢弃修改，分两步，第一步用命令git reset HEAD file，就回到了场景1，第二步按场景1操作。

场景3：已经提交了不合适的修改到版本库时，想要撤销本次提交，参考版本回退一节，不过前提是没有推送到远程库。

小结
当Git无法自动合并分支时，就必须首先解决冲突。解决冲突后，再提交，合并完成。
用git log --graph命令可以看到分支合并图。
可以查看所有标签。
	
小结
修复bug时，我们会通过创建新的bug分支进行修复，然后合并，最后删除；
当手头工作没有完成时，先把工作现场git stash一下，然后去修复bug，修复后，再git stash pop，回到工作现场。


小结
    查看远程库信息，使用git remote -v；

    本地新建的分支如果不推送到远程，对其他人就是不可见的；

    从本地推送分支，使用git push origin branch-name，如果推送失败，先用git pull抓取远程的新提交；

    在本地创建和远程分支对应的分支，使用git checkout -b branch-name origin/branch-name，本地和远程分支的名称最好一致；

    建立本地分支和远程分支的关联，使用git branch --set-upstream branch-name origin/branch-name；

    从远程抓取分支，使用git pull，如果有冲突，要先处理冲突。
	
	小结

    命令git tag <name>用于新建一个标签，默认为HEAD，也可以指定一个commit id；
	默认标签是打在最新提交的commit上的。有时候，如果忘了打标签，比如，现在已经是周五了，但应该在周一打的标签没有打，怎么办？
方法是找到历史提交的commit id，然后打上就可以了：
比方说要对add merge这次提交打标签，它对应的commit id是6224937，敲入命令：
$ git tag v0.9 6224937
git tag -a <tagname> -m "blablabla..."可以指定标签信息；
git tag -s <tagname> -m "blablabla..."可以用PGP签名标签；需要安装PGP
命令git tag
	


~~~~~~~~~~~~~~~~~~~~~~~~~~~~~~~~~~~~~~~~~~~~~~~~~~~~~~~~~~~~~~~~~~~~~~~~~~~~~~~~~~~~~~~~~~~~~~~~~~~~~~~~~~~~~~~~~~~~~~~~~~~~~~~~~~~

GIt的使用技巧

初始化版本库  mkdir  ~/myrepos  ;  git init

git add  file.txt  将工作区的文件添加到暂存区，

git  commit -m 'create a file '  提交暂存区的文件到版本库，-m选项为版本提示信息
改最後一次的Commit
git commit --amend  追加


git  show  显示版本库的变化

git  status  显示版本库目前的状态

git  log  显示历史版本库

用带参数的git log也可以看到分支的合并情况：
git log --graph --pretty=oneline --abbrev-commit
显示最后一次提交信息 
git log -1

git reflog  显示操作过的历史命令，对从过去版本退回到将来版本有用

git  reset  hash_id    ；这里的hash_id为git log显示中的hash id.。该命令表示退回到该hash_id表示的版本。

git rm file_name 表示删除版本库中的文件，git commit表示提交 删除。

git  checkout -- delete_file_name  表示撤销删除，此时还没commit.

git remote add remote_repos git@github.com:hu/demo 表示添加一个远程版本库，名字叫remote_repos.

git remote -v  显示远程版本库的详细信息

git push -u remote_repos_name master 表示将本地版本上传。如果两个库的版本不一致，或失败。可以使用-f  (--force)选项强制合并 由于远程库是空的，我们第一次推送master分支时，加上了-u参数

git pull remote_repos_name 拉去远程版本发到本地

git tag -a v1.0 -m "v1.0版本发布"
在实际开发中我们都是关联了远程仓库的，在提交完代码后我们一般用git push将代码推送到远程仓库中，但是git push命令是不会推送标签的，这点一定要注意
可以用下面的命令一次推送所有标签到远程：
git push origin --tags

推送分支

推送分支，就是把该分支上的所有本地提交推送到远程库。推送时，要指定本地分支，这样，Git就会把该分支推送到远程库对应的远程分支上：

$ git push origin master

如果要推送其他分支，比如dev，就改成：

$ git push origin dev

当你的小伙伴从远程库clone时，默认情况下，你的小伙伴只能看到本地的master分支。不信可以用git branch命令看看：
$ git branch
* master

现在，你的小伙伴要在dev分支上开发，就必须创建远程origin的dev分支到本地，于是他用这个命令创建本地dev分支：
$ git checkout -b dev origin/dev

~~~~~~~~~~~~~~~~~~~~~~~~~~~~~~~~~~~~~~~~~~~~~~~~~~~~~~~~~~~~~~~~~~~~~~~~~~~~~~~~~~~~~~~~~~~~~~~~~~~~~~~~~~~~~~~~~~~~~~~~~~~~~~~~~~~~~~~~~~~

软件开发中，bug就像家常便饭一样。有了bug就需要修复，在Git中，由于分支是如此的强大，所以，每个bug都可以通过一个新的临时分支来修复，修复后，合并分支，然后将临时分支删除。
当你接到一个修复一个代号101的bug的任务时，很自然地，你想创建一个分支issue-101来修复它，但是，等等，当前正在dev上进行的工作还没有提交：
并不是你不想提交，而是工作只进行到一半，还没法提交，预计完成还需1天时间。但是，必须在两个小时内修复该bug，怎么办？
幸好，Git还提供了一个stash功能，可以把当前工作现场“储藏”起来，等以后恢复现场后继续工作：
现在，用git status查看工作区，就是干净的（除非有没有被Git管理的文件），因此可以放心地创建分支来修复bug。
用git stash list命令看看：
工作现场还在，Git把stash内容存在某个地方了，但是需要恢复一下，有两个办法：

一是用git stash apply恢复，但是恢复后，stash内容并不删除，你需要用git stash drop来删除；

另一种方式是用git stash pop，恢复的同时把stash内容也删了：
git stash list查看，然后
恢复指定的stash，用命令：
git stash apply stash@{0}
~~~~~~~~~~~~~~~~~~~~~~~~~~~~~~~~~~~~~~~~~~~~~~~~~~~~~~~~~~~~~~~~~~~~~~~~~~~~~~~~~~~~~~~~~~~~~~~~~~~~~~~~~~~~~~~~~~~~~~~~~~~~~~~~
因此，多人协作的工作模式通常是这样：

    首先，可以试图用git push origin branch-name推送自己的修改；

    如果推送失败，则因为远程分支比你的本地更新，需要先用git pull试图合并；

    如果合并有冲突，则解决冲突，并在本地提交；

    没有冲突或者解决掉冲突后，再用git push origin branch-name推送就能成功！

如果git pull提示“no tracking information”，则说明本地分支和远程分支的链接关系没有创建，用命令git branch --set-upstream branch-name origin/branch-name。

这就是多人协作的工作模式，一旦熟悉了，就非常简单。
~~~~~~~~~~~~~~~~~~~~~~~~~~~~~~~~~~~~~~~~~~~~~~~~~~~~~~~~~~~~~~~~~~~~~~~~~~~~~~~~~~~~~~~~~~~~~~~~~~~~~~~~~~~~~~~~~~~~~~~~~~~~~~~~
链接
git下载：http://msysgit.github.io/
Github 简明教程 http://www.runoob.com/w3cnote/git-guide.html
git init 与 git init --bare 的区别  http://www.cnblogs.com/kenshinobiy/p/4545646.html

~~~~~~~~~~~~~~~~~~~~~~~~~~~~~~~~~~~~~~~~~~~~~~~~~~~~~~~~~~~~~~~~~~~~~~~~~~~~~~~~~~~~~~~~~~~~~~~~~~~~~~~~~~~~~~~~~~~~~~~~~~~~~~~~

github中git push origin master出错：error: failed to push some refs to
git pull --rebase origin master
git push origin master
~~~~~~~~~~~~~~~~~~~~~~~~~~~~~~~~~~~~~~~~~~~~~~~~~~~~~~~~~~~~~~~~~~~~~~~~~~~~~~~~~~~~~~~~~~~~~~~~~~~~~~~~~~~~~~~~~~~~~~~~~~~~~~~~
如果输入$Git?remote add origin?git@github.com:djqiang（github帐号名）/gitdemo（项目名）.git?
提示出错信息：fatal: remote origin already exists.
解决办法如下：
1、先输入$ Git remote rm origin
2、再输入$ git remote add origin?git@github.com:djqiang/gitdemo.git?就不会报错了！
3、如果输入$ git remote rm origin?还是报错的话，error: Could not remove config section 'remote.origin'. 我们需要修改gitconfig文件的内容
4、找到你的github的安装路径，我的是C:\Users\ASUS\AppData\Local\GitHub\PortableGit_ca477551eeb4aea0e4ae9fcd3358bd96720bb5c8\etc
5、找到一个名为gitconfig的文件，打开它把里面的[remote "origin"]那一行删掉就好了！
~~~~~~~~~~~~~~~~~~~~~~~~~~~~~~~~~~~~~~~~~~~~~~~~~~~~~~~~~~~~~~~~~~~~~~~~~~~~~~~~~~~~~~~~~~~~~~~~~~~~~~~~~~~~~~~~~~~~~~~~~~~~~~~~
warning: LF will be replaced by CRLF
解决方法：
删除刚刚生成的.git文件 
    $ rm -rf .git  
    $ git config --gobal core.autocrlf false  
 这样系统就不会去进行换行符的转换了
最后重新执行 
    $ git init  
    $ git add .  
系统即可正常运行！

~~~~~~~~~~~~~~~~~~~~~~~~~~~~~~~~~~~~~~~~~~~~~~~~~~~~~~~~~~~~~~~~~~~~~~~~~~~~~~~~~~~~~~~~~~~~~~~~~~~~~~~~~~~~~~~~~~~~~~~~~~~~~~~~
git push -u origin master
fatal: 'home/data/git/helloworld.git' does not appear to be a git repository
fatal: Could not read from remote repository.

Please make sure you have the correct access rights
and the repository exists.

请注意KEY的问题
#########################################################################################################################################
解决冲突
你的小伙伴已经向origin/dev分支推送了他的提交，而碰巧你也对同样的文件作了修改，并试图推送：

$ git add hello.py 
$ git commit -m "add coding: utf-8"
[dev bd6ae48] add coding: utf-8
 1 file changed, 1 insertion(+)
$ git push origin dev
To git@github.com:michaelliao/learngit.git
 ! [rejected]        dev -> dev (non-fast-forward)
error: failed to push some refs to 'git@github.com:michaelliao/learngit.git'
hint: Updates were rejected because the tip of your current branch is behind
hint: its remote counterpart. Merge the remote changes (e.g. 'git pull')
hint: before pushing again.
hint: See the 'Note about fast-forwards' in 'git push --help' for details.

推送失败，因为你的小伙伴的最新提交和你试图推送的提交有冲突，解决办法也很简单，Git已经提示我们，先用git pull把最新的提交从origin/dev抓下来，然后，在本地合并，解决冲突，再推送：

$ git pull
remote: Counting objects: 5, done.
remote: Compressing objects: 100% (2/2), done.
remote: Total 3 (delta 0), reused 3 (delta 0)
Unpacking objects: 100% (3/3), done.
From github.com:michaelliao/learngit
   fc38031..291bea8  dev        -> origin/dev
There is no tracking information for the current branch.
Please specify which branch you want to merge with.
See git-pull(1) for details

    git pull <remote> <branch>

If you wish to set tracking information for this branch you can do so with:

    git branch --set-upstream dev origin/<branch>

git pull也失败了，原因是没有指定本地dev分支与远程origin/dev分支的链接，根据提示，设置dev和origin/dev的链接：

$ git branch --set-upstream dev origin/dev
Branch dev set up to track remote branch dev from origin.

再pull：

$ git pull
Auto-merging hello.py
CONFLICT (content): Merge conflict in hello.py
Automatic merge failed; fix conflicts and then commit the result.

这回git pull成功，但是合并有冲突，需要手动解决，解决的方法和分支管理中的解决冲突完全一样。解决后，提交，再push：

$ git commit -m "merge & fix hello.py"
[dev adca45d] merge & fix hello.py
$ git push origin dev
Counting objects: 10, done.
Delta compression using up to 4 threads.
Compressing objects: 100% (5/5), done.
Writing objects: 100% (6/6), 747 bytes, done.
Total 6 (delta 0), reused 0 (delta 0)
To git@github.com:michaelliao/learngit.git
   291bea8..adca45d  dev -> dev
   


#########################################################################################################################################

免密码登陆
先cd到根目录，执行git config --global credential.helper store命令
执行之后会在.gitconfig文件中多加红色字体项
[user]
        name = 天明
        email = xxxx@xxxx.com
[credential]
        helper = store
之后cd到项目目录，执行git pull命令，会提示输入账号密码。输完这一次以后就不再需要，并且会在根目录生成一个.git-credentials文件
cat .git-credentials
https://Username:Password@git.oschina.net


#########################################################################################################################################

当你安装Git后首先要做的事情是设置你的用户名称和e-mail地址。这是非常重要的，因为每次Git提交都会使用该信息。它被永远的嵌入到了你的提交中：
$ git config --global user.name "John Doe"
$ git config --global user.email "johndoe@example.com"

#########################################################################################################################################

如果系统中有一些配置文件在服务器上做了配置修改,然后后续开发又新添加一些配置项的时候,
在发布这个配置文件的时候,会发生代码冲突:
error: Your local changes to the following files would be overwritten by merge:
 protected/config/main.php
Please, commit your changes or stash them before you can merge.
如果希望保留生产服务器上所做的改动,仅仅并入新配置项, 处理方法如下:

git stash
git pull
git stash pop

然后可以使用Git diff -w +文件名 来确认代码自动合并的情况.

反过来,如果希望用代码库中的文件完全覆盖本地工作版本. 方法如下:

git reset --hard
git pull

其中git reset是针对版本,如果想针对文件回退本地修改,使用
 
 
git checkout HEAD file/to/restore 
















